ERC report (2026-02-09T09:16:36-0600, Encoding UTF8)
    ; error
    @(2250 mils, 1800 mils): Hierarchical Label 'PI_TXLED'
[label_dangling]: Label not connected to anything
    ; error
    @(1550 mils, 3000 mils): Hierarchical Label 'PI_SHUTDOWN'
[label_dangling]: Label not connected to anything
    ; error
    @(1550 mils, 3200 mils): Hierarchical Label 'PI_GND'
[pin_not_connected]: Hierarchical label "PI_SHUTDOWN" in root sheet cannot be connected to non-existent parent sheet
    ; error
    @(1150 mils, 4100 mils): Hierarchical Label 'PI_SHUTDOWN'
[pin_not_connected]: Hierarchical label "PI_TXLED" in root sheet cannot be connected to non-existent parent sheet
    ; error
    @(1150 mils, 4200 mils): Hierarchical Label 'PI_TXLED'
[pin_not_connected]: Hierarchical label "PI_GND" in root sheet cannot be connected to non-existent parent sheet
    ; error
    @(1150 mils, 4300 mils): Hierarchical Label 'PI_GND'
[label_dangling]: Label not connected to anything
    ; error
    @(4300 mils, 800 mils): Hierarchical Label ''